CCS PCM C Compiler, Version 5.008, 5967               27-Jun-22 14:26

               Filename:   C:\Users\BOLA SHANKAR\OneDrive\Desktop\Embedded Training\TASK-2\2 SWITCH 8 LED INC DEC 3.lst

               ROM used:   223 words (3%)
                           Largest free fragment is 2048
               RAM used:   7 (2%) at main() level
                           7 (2%) worst case
               Stack used: 1 locations
               Stack size: 8

*
0000:  MOVLW  00
0001:  MOVWF  0A
0002:  GOTO   018
0003:  NOP
.................... #include <2 SWITCH 8 LED INC DEC 3.h> 
.................... #include <16F877A.h> 
.................... //////// Standard Header file for the PIC16F877A device //////////////// 
.................... #device PIC16F877A 
....................  
.................... #list 
....................  
.................... #device ADC=16 
....................  
.................... #FUSES NOWDT                 	//No Watch Dog Timer 
.................... #FUSES NOBROWNOUT            	//No brownout reset 
.................... #FUSES NOLVP                 	//No low voltage prgming, B3(PIC16) or B5(PIC18) used for I/O 
....................  
.................... #use delay(crystal=20MHz) 
0004:  MOVLW  21
0005:  MOVWF  04
0006:  BCF    03.7
0007:  MOVF   00,W
0008:  BTFSC  03.2
0009:  GOTO   017
000A:  MOVLW  06
000B:  MOVWF  78
000C:  CLRF   77
000D:  DECFSZ 77,F
000E:  GOTO   00D
000F:  DECFSZ 78,F
0010:  GOTO   00C
0011:  MOVLW  7B
0012:  MOVWF  77
0013:  DECFSZ 77,F
0014:  GOTO   013
0015:  DECFSZ 00,F
0016:  GOTO   00A
0017:  RETURN
....................  
....................  
.................... #bit LED1=0x06.0 
.................... #bit TLED1=0x86.0 
.................... #bit LED2=0x06.1 
.................... #bit TLED2=0x86.1 
.................... #bit LED3=0x06.2 
.................... #bit TLED3=0x86.2 
.................... #bit LED4=0x06.3 
.................... #bit TLED4=0x86.3 
.................... #bit LED5=0x06.4 
.................... #bit TLED5=0x86.4 
.................... #bit LED6=0x06.5 
.................... #bit TLED6=0x86.5 
.................... #bit LED7=0x06.6 
.................... #bit TLED7=0x86.6 
.................... #bit LED8=0x06.7 
.................... #bit TLED8=0x86.7 
.................... #bit SW1=0x07.6 
.................... #bit TSW1=0x87.6 
.................... #bit SW2=0x07.7 
.................... #bit TSW2=0x87.7 
....................  
.................... int count=0; 
.................... void main() 
0018:  MOVF   03,W
0019:  ANDLW  1F
001A:  MOVWF  03
001B:  CLRF   20
001C:  BSF    03.5
001D:  BSF    1F.0
001E:  BSF    1F.1
001F:  BSF    1F.2
0020:  BCF    1F.3
0021:  MOVLW  07
0022:  MOVWF  1C
0023:  BCF    03.7
.................... { 
.................... LED1=0; 
0024:  BCF    03.5
0025:  BCF    06.0
.................... TLED1=0; 
0026:  BSF    03.5
0027:  BCF    06.0
.................... LED2=0; 
0028:  BCF    03.5
0029:  BCF    06.1
.................... TLED2=0; 
002A:  BSF    03.5
002B:  BCF    06.1
.................... LED3=0; 
002C:  BCF    03.5
002D:  BCF    06.2
.................... TLED3=0; 
002E:  BSF    03.5
002F:  BCF    06.2
.................... LED4=0; 
0030:  BCF    03.5
0031:  BCF    06.3
.................... TLED4=0; 
0032:  BSF    03.5
0033:  BCF    06.3
.................... LED5=0; 
0034:  BCF    03.5
0035:  BCF    06.4
.................... TLED5=0; 
0036:  BSF    03.5
0037:  BCF    06.4
.................... LED6=0; 
0038:  BCF    03.5
0039:  BCF    06.5
.................... TLED6=0; 
003A:  BSF    03.5
003B:  BCF    06.5
.................... LED7=0; 
003C:  BCF    03.5
003D:  BCF    06.6
.................... TLED7=0; 
003E:  BSF    03.5
003F:  BCF    06.6
.................... LED8=0; 
0040:  BCF    03.5
0041:  BCF    06.7
.................... TLED8=0; 
0042:  BSF    03.5
0043:  BCF    06.7
.................... SW1=0; 
0044:  BCF    03.5
0045:  BCF    07.6
.................... TSW1=1; 
0046:  BSF    03.5
0047:  BSF    07.6
.................... SW2=0; 
0048:  BCF    03.5
0049:  BCF    07.7
.................... TSW2=1; 
004A:  BSF    03.5
004B:  BSF    07.7
....................  
....................  
....................    while(TRUE) 
....................    { 
....................          if(SW1==1) 
004C:  BCF    03.5
004D:  BTFSS  07.6
004E:  GOTO   053
....................          { 
....................          while(SW1==1); 
004F:  BTFSC  07.6
0050:  GOTO   04F
....................          count+=1; 
0051:  MOVLW  01
0052:  ADDWF  20,F
....................          } 
....................          if(SW2==1) 
0053:  BTFSS  07.7
0054:  GOTO   059
....................          { 
....................          while(SW2==1); 
0055:  BTFSC  07.7
0056:  GOTO   055
....................          count-=1; 
0057:  MOVLW  01
0058:  SUBWF  20,F
....................          } 
....................          if(count>=1 && count<=8) 
0059:  MOVF   20,W
005A:  SUBLW  00
005B:  BTFSC  03.0
005C:  GOTO   066
005D:  MOVF   20,W
005E:  SUBLW  08
005F:  BTFSS  03.0
0060:  GOTO   066
....................          { 
....................          LED1=1; 
0061:  BSF    06.0
....................          delay_ms(200); 
0062:  MOVLW  C8
0063:  MOVWF  21
0064:  CALL   004
....................          } 
0065:  GOTO   06A
....................          else 
....................          { 
....................          LED1=0; 
0066:  BCF    06.0
....................          delay_ms(200); 
0067:  MOVLW  C8
0068:  MOVWF  21
0069:  CALL   004
....................          } 
....................          if(count>=2 && count<=8) 
006A:  MOVF   20,W
006B:  SUBLW  01
006C:  BTFSC  03.0
006D:  GOTO   077
006E:  MOVF   20,W
006F:  SUBLW  08
0070:  BTFSS  03.0
0071:  GOTO   077
....................          { 
....................          LED2=1; 
0072:  BSF    06.1
....................          delay_ms(200); 
0073:  MOVLW  C8
0074:  MOVWF  21
0075:  CALL   004
....................          } 
0076:  GOTO   07B
....................          else 
....................          { 
....................          LED2=0; 
0077:  BCF    06.1
....................          delay_ms(200); 
0078:  MOVLW  C8
0079:  MOVWF  21
007A:  CALL   004
....................          } 
....................          if(count>=3 && count<=8) 
007B:  MOVF   20,W
007C:  SUBLW  02
007D:  BTFSC  03.0
007E:  GOTO   088
007F:  MOVF   20,W
0080:  SUBLW  08
0081:  BTFSS  03.0
0082:  GOTO   088
....................          { 
....................          LED3=1; 
0083:  BSF    06.2
....................          delay_ms(200); 
0084:  MOVLW  C8
0085:  MOVWF  21
0086:  CALL   004
....................          } 
0087:  GOTO   08C
....................          else 
....................          { 
....................          LED3=0; 
0088:  BCF    06.2
....................          delay_ms(200); 
0089:  MOVLW  C8
008A:  MOVWF  21
008B:  CALL   004
....................          } 
....................          if(count>=4 && count<=8) 
008C:  MOVF   20,W
008D:  SUBLW  03
008E:  BTFSC  03.0
008F:  GOTO   099
0090:  MOVF   20,W
0091:  SUBLW  08
0092:  BTFSS  03.0
0093:  GOTO   099
....................          { 
....................          LED4=1; 
0094:  BSF    06.3
....................          delay_ms(200); 
0095:  MOVLW  C8
0096:  MOVWF  21
0097:  CALL   004
....................          } 
0098:  GOTO   09D
....................          else 
....................          { 
....................          LED4=0; 
0099:  BCF    06.3
....................          delay_ms(200); 
009A:  MOVLW  C8
009B:  MOVWF  21
009C:  CALL   004
....................          } 
....................          if(count>=5 && count<=8) 
009D:  MOVF   20,W
009E:  SUBLW  04
009F:  BTFSC  03.0
00A0:  GOTO   0AA
00A1:  MOVF   20,W
00A2:  SUBLW  08
00A3:  BTFSS  03.0
00A4:  GOTO   0AA
....................          { 
....................          LED5=1; 
00A5:  BSF    06.4
....................          delay_ms(200); 
00A6:  MOVLW  C8
00A7:  MOVWF  21
00A8:  CALL   004
....................          } 
00A9:  GOTO   0AE
....................          else 
....................          { 
....................          LED5=0; 
00AA:  BCF    06.4
....................          delay_ms(200); 
00AB:  MOVLW  C8
00AC:  MOVWF  21
00AD:  CALL   004
....................          } 
....................          if(count>=6 && count<=8) 
00AE:  MOVF   20,W
00AF:  SUBLW  05
00B0:  BTFSC  03.0
00B1:  GOTO   0BB
00B2:  MOVF   20,W
00B3:  SUBLW  08
00B4:  BTFSS  03.0
00B5:  GOTO   0BB
....................          { 
....................          LED6=1; 
00B6:  BSF    06.5
....................          delay_ms(200); 
00B7:  MOVLW  C8
00B8:  MOVWF  21
00B9:  CALL   004
....................          } 
00BA:  GOTO   0BF
....................          else 
....................          { 
....................          LED6=0; 
00BB:  BCF    06.5
....................          delay_ms(200); 
00BC:  MOVLW  C8
00BD:  MOVWF  21
00BE:  CALL   004
....................          } 
....................          if(count>=7 && count<=8) 
00BF:  MOVF   20,W
00C0:  SUBLW  06
00C1:  BTFSC  03.0
00C2:  GOTO   0CC
00C3:  MOVF   20,W
00C4:  SUBLW  08
00C5:  BTFSS  03.0
00C6:  GOTO   0CC
....................          { 
....................          LED7=1; 
00C7:  BSF    06.6
....................          delay_ms(200); 
00C8:  MOVLW  C8
00C9:  MOVWF  21
00CA:  CALL   004
....................          } 
00CB:  GOTO   0D0
....................          else 
....................          { 
....................          LED7=0; 
00CC:  BCF    06.6
....................          delay_ms(200); 
00CD:  MOVLW  C8
00CE:  MOVWF  21
00CF:  CALL   004
....................          } 
....................          if(count==8) 
00D0:  MOVF   20,W
00D1:  SUBLW  08
00D2:  BTFSS  03.2
00D3:  GOTO   0D9
....................          { 
....................          LED8=1; 
00D4:  BSF    06.7
....................          delay_ms(200); 
00D5:  MOVLW  C8
00D6:  MOVWF  21
00D7:  CALL   004
....................          } 
00D8:  GOTO   0DD
....................          else 
....................          { 
....................          LED8=0; 
00D9:  BCF    06.7
....................          delay_ms(200); 
00DA:  MOVLW  C8
00DB:  MOVWF  21
00DC:  CALL   004
....................          } 
00DD:  GOTO   04D
....................    } 
....................  
.................... } 
00DE:  SLEEP

Configuration Fuses:
   Word  1: 3F32   HS NOWDT PUT NOBROWNOUT NOLVP NOCPD NOWRT NODEBUG NOPROTECT
