CCS PCM C Compiler, Version 5.008, 5967               24-Jun-22 13:10

               Filename:   C:\Users\BOLA SHANKAR\OneDrive\Desktop\Embedded Training\LED\1 LED Blink.lst

               ROM used:   56 words (1%)
                           Largest free fragment is 2048
               RAM used:   6 (2%) at main() level
                           7 (2%) worst case
               Stack used: 1 locations
               Stack size: 8

*
0000:  MOVLW  00
0001:  MOVWF  0A
0002:  GOTO   018
0003:  NOP
.................... #include <1 LED Blink.h> 
.................... #include <16F877A.h> 
.................... //////// Standard Header file for the PIC16F877A device //////////////// 
.................... #device PIC16F877A 
....................  
.................... #list 
....................  
.................... #device ADC=16 
....................  
.................... #FUSES NOWDT                 	//No Watch Dog Timer 
.................... #FUSES NOBROWNOUT            	//No brownout reset 
.................... #FUSES NOLVP                 	//No low voltage prgming, B3(PIC16) or B5(PIC18) used for I/O 
....................  
.................... #use delay(crystal=20MHz) 
0004:  MOVLW  22
0005:  MOVWF  04
0006:  BCF    03.7
0007:  MOVF   00,W
0008:  BTFSC  03.2
0009:  GOTO   017
000A:  MOVLW  06
000B:  MOVWF  78
000C:  CLRF   77
000D:  DECFSZ 77,F
000E:  GOTO   00D
000F:  DECFSZ 78,F
0010:  GOTO   00C
0011:  MOVLW  7B
0012:  MOVWF  77
0013:  DECFSZ 77,F
0014:  GOTO   013
0015:  DECFSZ 00,F
0016:  GOTO   00A
0017:  RETURN
....................  
....................  
.................... #bit LED = 0X06.1 
.................... #bit TLED = 0X86.1 
....................  
.................... void main() 
0018:  MOVF   03,W
0019:  ANDLW  1F
001A:  MOVWF  03
001B:  BSF    03.5
001C:  BSF    1F.0
001D:  BSF    1F.1
001E:  BSF    1F.2
001F:  BCF    1F.3
0020:  MOVLW  07
0021:  MOVWF  1C
0022:  BCF    03.7
.................... { 
.................... TLED = 0; 
0023:  BCF    06.1
.................... LED = 0; 
0024:  BCF    03.5
0025:  BCF    06.1
....................  
....................    while(TRUE) 
....................    { 
....................    LED = 1; 
0026:  BSF    06.1
....................    delay_ms(1000); 
0027:  MOVLW  04
0028:  MOVWF  21
0029:  MOVLW  FA
002A:  MOVWF  22
002B:  CALL   004
002C:  DECFSZ 21,F
002D:  GOTO   029
....................    LED=0; 
002E:  BCF    06.1
....................    delay_ms(1000); 
002F:  MOVLW  04
0030:  MOVWF  21
0031:  MOVLW  FA
0032:  MOVWF  22
0033:  CALL   004
0034:  DECFSZ 21,F
0035:  GOTO   031
0036:  GOTO   026
....................    } 
....................  
.................... } 
0037:  SLEEP

Configuration Fuses:
   Word  1: 3F32   HS NOWDT PUT NOBROWNOUT NOLVP NOCPD NOWRT NODEBUG NOPROTECT
